ARM Linker, RVCT4.0 [Build 524] for uVision [Standard]

==============================================================================

Section Cross References

    lcd_dis24.o(i.LCD_Init) refers to stm32f10x_gpio.o(i.GPIO_ResetBits) for GPIO_ResetBits
    lcd_dis24.o(i.LCD_Init) refers to main.o(i.Delay) for Delay
    lcd_dis24.o(i.LCD_Init) refers to stm32f10x_gpio.o(i.GPIO_SetBits) for GPIO_SetBits
    lcd_dis24.o(i.LCD_Init) refers to lcd_dis24.o(i.LCD_WR_CMD) for LCD_WR_CMD
    lcd_dis24.o(i.LCD_Init) refers to lcd_dis24.o(.data) for .data
    lcd_dis24.o(i.LCD_test) refers to lcd_dis24.o(i.lcd_DrawPicture) for lcd_DrawPicture
    lcd_dis24.o(i.LCD_test) refers to main.o(i.Delay) for Delay
    lcd_dis24.o(i.LCD_test) refers to lcd_dis24.o(i.lcd_wr_zf) for lcd_wr_zf
    lcd_dis24.o(i.LCD_test) refers to lcd_dis24.o(i.num_pub) for num_pub
    lcd_dis24.o(i.LCD_test) refers to pic.o(.constdata) for a2
    lcd_dis24.o(i.LCD_test) refers to pic.o(.constdata) for zf4
    lcd_dis24.o(i.LCD_test) refers to pic.o(.constdata) for zf5
    lcd_dis24.o(i.LCD_test) refers to pic.o(.constdata) for zf3
    lcd_dis24.o(i.LCD_test) refers to lcd_dis24.o(.data) for .data
    lcd_dis24.o(i.LCD_test) refers to pic.o(.constdata) for zf6
    lcd_dis24.o(i.LCD_test) refers to pic.o(.constdata) for zf7
    lcd_dis24.o(i.LCD_test) refers to pic.o(.constdata) for zf8
    lcd_dis24.o(i.lcd_DrawPicture) refers to lcd_dis24.o(i.LCD_WR_CMD) for LCD_WR_CMD
    lcd_dis24.o(i.lcd_wr_zf) refers to lcd_dis24.o(i.LCD_WR_CMD) for LCD_WR_CMD
    lcd_dis24.o(i.lcd_wr_zf) refers to lcd_dis24.o(i.LCD_RD_data) for LCD_RD_data
    lcd_dis24.o(i.num_pub) refers to pic.o(.constdata) for zm1
    lcd_dis24.o(i.num_pub) refers to pic.o(.constdata) for zm2
    lcd_dis24.o(i.num_pub) refers to pic.o(.constdata) for zm3
    lcd_dis24.o(i.num_pub) refers to pic.o(.constdata) for zm4
    lcd_dis24.o(i.num_pub) refers to pic.o(.constdata) for zm5
    lcd_dis24.o(i.num_pub) refers to pic.o(.constdata) for zm6
    lcd_dis24.o(i.num_pub) refers to pic.o(.constdata) for zm7
    lcd_dis24.o(i.num_pub) refers to pic.o(.constdata) for zm8
    lcd_dis24.o(i.num_pub) refers to pic.o(.constdata) for zm9
    lcd_dis24.o(i.num_pub) refers to pic.o(.constdata) for zm0
    main.o(i.ADC_Configuration) refers to stm32f10x_gpio.o(i.GPIO_Init) for GPIO_Init
    main.o(i.ADC_Configuration) refers to stm32f10x_rcc.o(i.RCC_AHBPeriphClockCmd) for RCC_AHBPeriphClockCmd
    main.o(i.ADC_Configuration) refers to stm32f10x_rcc.o(i.RCC_APB2PeriphClockCmd) for RCC_APB2PeriphClockCmd
    main.o(i.ADC_Configuration) refers to stm32f10x_dma.o(i.DMA_DeInit) for DMA_DeInit
    main.o(i.ADC_Configuration) refers to stm32f10x_dma.o(i.DMA_Init) for DMA_Init
    main.o(i.ADC_Configuration) refers to stm32f10x_dma.o(i.DMA_Cmd) for DMA_Cmd
    main.o(i.ADC_Configuration) refers to stm32f10x_rcc.o(i.RCC_ADCCLKConfig) for RCC_ADCCLKConfig
    main.o(i.ADC_Configuration) refers to stm32f10x_adc.o(i.ADC_Init) for ADC_Init
    main.o(i.ADC_Configuration) refers to stm32f10x_adc.o(i.ADC_RegularChannelConfig) for ADC_RegularChannelConfig
    main.o(i.ADC_Configuration) refers to stm32f10x_adc.o(i.ADC_DMACmd) for ADC_DMACmd
    main.o(i.ADC_Configuration) refers to stm32f10x_adc.o(i.ADC_TempSensorVrefintCmd) for ADC_TempSensorVrefintCmd
    main.o(i.ADC_Configuration) refers to stm32f10x_adc.o(i.ADC_Cmd) for ADC_Cmd
    main.o(i.ADC_Configuration) refers to stm32f10x_adc.o(i.ADC_ResetCalibration) for ADC_ResetCalibration
    main.o(i.ADC_Configuration) refers to stm32f10x_adc.o(i.ADC_GetResetCalibrationStatus) for ADC_GetResetCalibrationStatus
    main.o(i.ADC_Configuration) refers to stm32f10x_adc.o(i.ADC_StartCalibration) for ADC_StartCalibration
    main.o(i.ADC_Configuration) refers to stm32f10x_adc.o(i.ADC_GetCalibrationStatus) for ADC_GetCalibrationStatus
    main.o(i.ADC_Configuration) refers to stm32f10x_adc.o(i.ADC_SoftwareStartConvCmd) for ADC_SoftwareStartConvCmd
    main.o(i.ADC_Configuration) refers to main.o(.data) for .data
    main.o(i.FSMC_LCD_Init) refers to stm32f10x_rcc.o(i.RCC_AHBPeriphClockCmd) for RCC_AHBPeriphClockCmd
    main.o(i.FSMC_LCD_Init) refers to stm32f10x_rcc.o(i.RCC_APB2PeriphClockCmd) for RCC_APB2PeriphClockCmd
    main.o(i.FSMC_LCD_Init) refers to stm32f10x_gpio.o(i.GPIO_Init) for GPIO_Init
    main.o(i.FSMC_LCD_Init) refers to stm32f10x_gpio.o(i.GPIO_SetBits) for GPIO_SetBits
    main.o(i.FSMC_LCD_Init) refers to stm32f10x_fsmc.o(i.FSMC_NORSRAMInit) for FSMC_NORSRAMInit
    main.o(i.FSMC_LCD_Init) refers to stm32f10x_fsmc.o(i.FSMC_NORSRAMCmd) for FSMC_NORSRAMCmd
    main.o(i.GPIO_Configuration) refers to stm32f10x_gpio.o(i.GPIO_Init) for GPIO_Init
    main.o(i.NVIC_Configuration) refers to misc.o(i.NVIC_PriorityGroupConfig) for NVIC_PriorityGroupConfig
    main.o(i.NVIC_Configuration) refers to misc.o(i.NVIC_Init) for NVIC_Init
    main.o(i.RCC_Configuration) refers to system_stm32f10x.o(i.SystemInit) for SystemInit
    main.o(i.RCC_Configuration) refers to stm32f10x_rcc.o(i.RCC_ADCCLKConfig) for RCC_ADCCLKConfig
    main.o(i.RCC_Configuration) refers to stm32f10x_rcc.o(i.RCC_APB2PeriphClockCmd) for RCC_APB2PeriphClockCmd
    main.o(i.RCC_Configuration) refers to stm32f10x_rcc.o(i.RCC_AHBPeriphClockCmd) for RCC_AHBPeriphClockCmd
    main.o(i.USART1_IRQHandler) refers to stm32f10x_usart.o(i.USART_GetITStatus) for USART_GetITStatus
    main.o(i.USART1_IRQHandler) refers to stm32f10x_usart.o(i.USART_ReceiveData) for USART_ReceiveData
    main.o(i.USART1_IRQHandler) refers to stm32f10x_usart.o(i.USART_SendData) for USART_SendData
    main.o(i.USART1_IRQHandler) refers to main.o(.bss) for .bss
    main.o(i.USART1_IRQHandler) refers to main.o(.data) for .data
    main.o(i.USART_OUT) refers to stm32f10x_usart.o(i.USART_SendData) for USART_SendData
    main.o(i.USART_OUT) refers to stm32f10x_usart.o(i.USART_GetFlagStatus) for USART_GetFlagStatus
    main.o(i.USART_OUT) refers to main.o(i.itoa) for itoa
    main.o(i.Usart1_Init) refers to stm32f10x_rcc.o(i.RCC_APB2PeriphClockCmd) for RCC_APB2PeriphClockCmd
    main.o(i.Usart1_Init) refers to stm32f10x_gpio.o(i.GPIO_Init) for GPIO_Init
    main.o(i.Usart1_Init) refers to stm32f10x_usart.o(i.USART_Init) for USART_Init
    main.o(i.Usart1_Init) refers to stm32f10x_usart.o(i.USART_ITConfig) for USART_ITConfig
    main.o(i.Usart1_Init) refers to stm32f10x_usart.o(i.USART_Cmd) for USART_Cmd
    main.o(i.lcd_rst) refers to stm32f10x_gpio.o(i.GPIO_ResetBits) for GPIO_ResetBits
    main.o(i.lcd_rst) refers to stm32f10x_gpio.o(i.GPIO_SetBits) for GPIO_SetBits
    main.o(i.main) refers to main.o(i.RCC_Configuration) for RCC_Configuration
    main.o(i.main) refers to main.o(i.FSMC_LCD_Init) for FSMC_LCD_Init
    main.o(i.main) refers to main.o(i.Usart1_Init) for Usart1_Init
    main.o(i.main) refers to main.o(i.NVIC_Configuration) for NVIC_Configuration
    main.o(i.main) refers to main.o(i.GPIO_Configuration) for GPIO_Configuration
    main.o(i.main) refers to lcd_dis24.o(i.LCD_Init) for LCD_Init
    main.o(i.main) refers to main.o(i.ADC_Configuration) for ADC_Configuration
    main.o(i.main) refers to dfltui.o(.text) for __aeabi_ui2d
    main.o(i.main) refers to dmul.o(.text) for __aeabi_dmul
    main.o(i.main) refers to ddiv.o(.text) for __aeabi_ddiv
    main.o(i.main) refers to dadd.o(.text) for __aeabi_drsub
    main.o(i.main) refers to dfixui.o(.text) for __aeabi_d2uiz
    main.o(i.main) refers to main.o(i.get_31HUMI_vule) for get_31HUMI_vule
    main.o(i.main) refers to stm32f10x_gpio.o(i.GPIO_ReadInputDataBit) for GPIO_ReadInputDataBit
    main.o(i.main) refers to stm32f10x_gpio.o(i.GPIO_SetBits) for GPIO_SetBits
    main.o(i.main) refers to stm32f10x_gpio.o(i.GPIO_ResetBits) for GPIO_ResetBits
    main.o(i.main) refers to main.o(i.USART_OUT) for USART_OUT
    main.o(i.main) refers to lcd_dis24.o(i.LCD_test) for LCD_test
    main.o(i.main) refers to main.o(.data) for .data
    main.o(i.main) refers to main.o(.constdata) for .constdata
    stm32f10x_gpio.o(i.GPIO_AFIODeInit) refers to stm32f10x_rcc.o(i.RCC_APB2PeriphResetCmd) for RCC_APB2PeriphResetCmd
    stm32f10x_gpio.o(i.GPIO_DeInit) refers to stm32f10x_rcc.o(i.RCC_APB2PeriphResetCmd) for RCC_APB2PeriphResetCmd
    stm32f10x_rcc.o(i.RCC_GetClocksFreq) refers to stm32f10x_rcc.o(.data) for .data
    stm32f10x_rcc.o(i.RCC_WaitForHSEStartUp) refers to stm32f10x_rcc.o(i.RCC_GetFlagStatus) for RCC_GetFlagStatus
    stm32f10x_adc.o(i.ADC_DeInit) refers to stm32f10x_rcc.o(i.RCC_APB2PeriphResetCmd) for RCC_APB2PeriphResetCmd
    stm32f10x_usart.o(i.USART_DeInit) refers to stm32f10x_rcc.o(i.RCC_APB2PeriphResetCmd) for RCC_APB2PeriphResetCmd
    stm32f10x_usart.o(i.USART_DeInit) refers to stm32f10x_rcc.o(i.RCC_APB1PeriphResetCmd) for RCC_APB1PeriphResetCmd
    stm32f10x_usart.o(i.USART_Init) refers to stm32f10x_rcc.o(i.RCC_GetClocksFreq) for RCC_GetClocksFreq
    startup_stm32f10x_hd.o(RESET) refers to startup_stm32f10x_hd.o(.text) for Reset_Handler
    startup_stm32f10x_hd.o(RESET) refers to main.o(i.USART1_IRQHandler) for USART1_IRQHandler
    startup_stm32f10x_hd.o(.text) refers to startup_stm32f10x_hd.o(STACK) for __initial_sp
    startup_stm32f10x_hd.o(.text) refers to entry.o(.ARM.Collect$$$$00000000) for __main
    system_stm32f10x.o(i.SystemCoreClockUpdate) refers to system_stm32f10x.o(.data) for .data
    system_stm32f10x.o(i.SystemInit) refers to system_stm32f10x.o(i.SetSysClockTo72) for SetSysClockTo72
    entry.o(.ARM.Collect$$$$00000000) refers (Special) to entry7.o(.ARM.Collect$$$$00000007) for _main_init
    entry.o(.ARM.Collect$$$$00000000) refers (Special) to entry5.o(.ARM.Collect$$$$00000004) for _main_scatterload
    entry.o(.ARM.Collect$$$$00000000) refers (Special) to entry2.o(.ARM.Collect$$$$00000001) for _main_stk
    dadd.o(.text) refers (Special) to iusefp.o(.text) for __I$use$fp
    dadd.o(.text) refers to llushr.o(.text) for __aeabi_llsr
    dadd.o(.text) refers to llshl.o(.text) for __aeabi_llsl
    dadd.o(.text) refers to depilogue.o(.text) for _double_epilogue
    dmul.o(.text) refers (Special) to iusefp.o(.text) for __I$use$fp
    dmul.o(.text) refers to depilogue.o(.text) for _double_epilogue
    ddiv.o(.text) refers (Special) to iusefp.o(.text) for __I$use$fp
    ddiv.o(.text) refers to depilogue.o(.text) for _double_epilogue
    dfltui.o(.text) refers (Special) to iusefp.o(.text) for __I$use$fp
    dfltui.o(.text) refers to depilogue.o(.text) for _double_epilogue
    dfixui.o(.text) refers (Special) to iusefp.o(.text) for __I$use$fp
    dfixui.o(.text) refers to llushr.o(.text) for __aeabi_llsr
    entry2.o(.ARM.Collect$$$$00000001) refers to entry2.o(.ARM.Collect$$$$00002712) for __lit__00000000
    entry2.o(.ARM.Collect$$$$00002712) refers to startup_stm32f10x_hd.o(STACK) for __initial_sp
    entry2.o(__vectab_stack_and_reset_area) refers to startup_stm32f10x_hd.o(STACK) for __initial_sp
    entry2.o(__vectab_stack_and_reset_area) refers to entry.o(.ARM.Collect$$$$00000000) for __main
    entry5.o(.ARM.Collect$$$$00000004) refers to init.o(.text) for __scatterload
    entry7.o(.ARM.Collect$$$$00000007) refers to main.o(i.main) for main
    init.o(.text) refers to entry5.o(.ARM.Collect$$$$00000004) for __main_after_scatterload


==============================================================================

Removing Unused input sections from the image.

    Removing lcd_dis24.o(i.LCD_WR_Data), (12 bytes).
    Removing lcd_dis24.o(i.LCD_WR_REG), (8 bytes).
    Removing lcd_dis24.o(i.lcd_BGR2RGB), (18 bytes).
    Removing lcd_dis24.o(.data), (4 bytes).
    Removing main.o(i.lcd_rst), (44 bytes).
    Removing main.o(.data), (1 bytes).
    Removing main.o(.data), (4 bytes).
    Removing pic.o(.constdata), (179944 bytes).
    Removing pic.o(.constdata), (176808 bytes).
    Removing stm32f10x_fsmc.o(i.FSMC_ClearFlag), (36 bytes).
    Removing stm32f10x_fsmc.o(i.FSMC_ClearITPendingBit), (40 bytes).
    Removing stm32f10x_fsmc.o(i.FSMC_GetECC), (18 bytes).
    Removing stm32f10x_fsmc.o(i.FSMC_GetFlagStatus), (40 bytes).
    Removing stm32f10x_fsmc.o(i.FSMC_GetITStatus), (48 bytes).
    Removing stm32f10x_fsmc.o(i.FSMC_ITConfig), (68 bytes).
    Removing stm32f10x_fsmc.o(i.FSMC_NANDCmd), (56 bytes).
    Removing stm32f10x_fsmc.o(i.FSMC_NANDDeInit), (40 bytes).
    Removing stm32f10x_fsmc.o(i.FSMC_NANDECCCmd), (56 bytes).
    Removing stm32f10x_fsmc.o(i.FSMC_NANDInit), (100 bytes).
    Removing stm32f10x_fsmc.o(i.FSMC_NANDStructInit), (54 bytes).
    Removing stm32f10x_fsmc.o(i.FSMC_NORSRAMDeInit), (36 bytes).
    Removing stm32f10x_fsmc.o(i.FSMC_NORSRAMStructInit), (96 bytes).
    Removing stm32f10x_fsmc.o(i.FSMC_PCCARDCmd), (32 bytes).
    Removing stm32f10x_fsmc.o(i.FSMC_PCCARDDeInit), (28 bytes).
    Removing stm32f10x_fsmc.o(i.FSMC_PCCARDInit), (100 bytes).
    Removing stm32f10x_fsmc.o(i.FSMC_PCCARDStructInit), (60 bytes).
    Removing stm32f10x_gpio.o(i.GPIO_AFIODeInit), (22 bytes).
    Removing stm32f10x_gpio.o(i.GPIO_DeInit), (180 bytes).
    Removing stm32f10x_gpio.o(i.GPIO_ETH_MediaInterfaceConfig), (12 bytes).
    Removing stm32f10x_gpio.o(i.GPIO_EXTILineConfig), (40 bytes).
    Removing stm32f10x_gpio.o(i.GPIO_EventOutputCmd), (12 bytes).
    Removing stm32f10x_gpio.o(i.GPIO_EventOutputConfig), (28 bytes).
    Removing stm32f10x_gpio.o(i.GPIO_PinLockConfig), (16 bytes).
    Removing stm32f10x_gpio.o(i.GPIO_PinRemapConfig), (88 bytes).
    Removing stm32f10x_gpio.o(i.GPIO_ReadInputData), (6 bytes).
    Removing stm32f10x_gpio.o(i.GPIO_ReadOutputData), (6 bytes).
    Removing stm32f10x_gpio.o(i.GPIO_ReadOutputDataBit), (14 bytes).
    Removing stm32f10x_gpio.o(i.GPIO_StructInit), (16 bytes).
    Removing stm32f10x_gpio.o(i.GPIO_Write), (4 bytes).
    Removing stm32f10x_gpio.o(i.GPIO_WriteBit), (10 bytes).
    Removing stm32f10x_rcc.o(i.RCC_APB1PeriphClockCmd), (24 bytes).
    Removing stm32f10x_rcc.o(i.RCC_APB1PeriphResetCmd), (24 bytes).
    Removing stm32f10x_rcc.o(i.RCC_APB2PeriphResetCmd), (24 bytes).
    Removing stm32f10x_rcc.o(i.RCC_AdjustHSICalibrationValue), (20 bytes).
    Removing stm32f10x_rcc.o(i.RCC_BackupResetCmd), (12 bytes).
    Removing stm32f10x_rcc.o(i.RCC_ClearFlag), (16 bytes).
    Removing stm32f10x_rcc.o(i.RCC_ClearITPendingBit), (12 bytes).
    Removing stm32f10x_rcc.o(i.RCC_ClockSecuritySystemCmd), (12 bytes).
    Removing stm32f10x_rcc.o(i.RCC_DeInit), (64 bytes).
    Removing stm32f10x_rcc.o(i.RCC_GetFlagStatus), (48 bytes).
    Removing stm32f10x_rcc.o(i.RCC_GetITStatus), (20 bytes).
    Removing stm32f10x_rcc.o(i.RCC_GetSYSCLKSource), (16 bytes).
    Removing stm32f10x_rcc.o(i.RCC_HCLKConfig), (20 bytes).
    Removing stm32f10x_rcc.o(i.RCC_HSEConfig), (52 bytes).
    Removing stm32f10x_rcc.o(i.RCC_HSICmd), (12 bytes).
    Removing stm32f10x_rcc.o(i.RCC_ITConfig), (24 bytes).
    Removing stm32f10x_rcc.o(i.RCC_LSEConfig), (32 bytes).
    Removing stm32f10x_rcc.o(i.RCC_LSICmd), (12 bytes).
    Removing stm32f10x_rcc.o(i.RCC_MCOConfig), (12 bytes).
    Removing stm32f10x_rcc.o(i.RCC_PCLK1Config), (20 bytes).
    Removing stm32f10x_rcc.o(i.RCC_PCLK2Config), (20 bytes).
    Removing stm32f10x_rcc.o(i.RCC_PLLCmd), (12 bytes).
    Removing stm32f10x_rcc.o(i.RCC_PLLConfig), (20 bytes).
    Removing stm32f10x_rcc.o(i.RCC_RTCCLKCmd), (12 bytes).
    Removing stm32f10x_rcc.o(i.RCC_RTCCLKConfig), (16 bytes).
    Removing stm32f10x_rcc.o(i.RCC_SYSCLKConfig), (20 bytes).
    Removing stm32f10x_rcc.o(i.RCC_USBCLKConfig), (12 bytes).
    Removing stm32f10x_rcc.o(i.RCC_WaitForHSEStartUp), (38 bytes).
    Removing stm32f10x_adc.o(i.ADC_AnalogWatchdogCmd), (16 bytes).
    Removing stm32f10x_adc.o(i.ADC_AnalogWatchdogSingleChannelConfig), (12 bytes).
    Removing stm32f10x_adc.o(i.ADC_AnalogWatchdogThresholdsConfig), (6 bytes).
    Removing stm32f10x_adc.o(i.ADC_AutoInjectedConvCmd), (20 bytes).
    Removing stm32f10x_adc.o(i.ADC_ClearFlag), (6 bytes).
    Removing stm32f10x_adc.o(i.ADC_ClearITPendingBit), (8 bytes).
    Removing stm32f10x_adc.o(i.ADC_DeInit), (68 bytes).
    Removing stm32f10x_adc.o(i.ADC_DiscModeChannelCountConfig), (16 bytes).
    Removing stm32f10x_adc.o(i.ADC_DiscModeCmd), (20 bytes).
    Removing stm32f10x_adc.o(i.ADC_ExternalTrigConvCmd), (20 bytes).
    Removing stm32f10x_adc.o(i.ADC_ExternalTrigInjectedConvCmd), (20 bytes).
    Removing stm32f10x_adc.o(i.ADC_ExternalTrigInjectedConvConfig), (12 bytes).
    Removing stm32f10x_adc.o(i.ADC_GetConversionValue), (6 bytes).
    Removing stm32f10x_adc.o(i.ADC_GetDualModeConversionValue), (12 bytes).
    Removing stm32f10x_adc.o(i.ADC_GetFlagStatus), (14 bytes).
    Removing stm32f10x_adc.o(i.ADC_GetITStatus), (28 bytes).
    Removing stm32f10x_adc.o(i.ADC_GetInjectedConversionValue), (8 bytes).
    Removing stm32f10x_adc.o(i.ADC_GetSoftwareStartConvStatus), (14 bytes).
    Removing stm32f10x_adc.o(i.ADC_GetSoftwareStartInjectedConvCmdStatus), (14 bytes).
    Removing stm32f10x_adc.o(i.ADC_ITConfig), (18 bytes).
    Removing stm32f10x_adc.o(i.ADC_InjectedChannelConfig), (74 bytes).
    Removing stm32f10x_adc.o(i.ADC_InjectedDiscModeCmd), (20 bytes).
    Removing stm32f10x_adc.o(i.ADC_InjectedSequencerLengthConfig), (16 bytes).
    Removing stm32f10x_adc.o(i.ADC_SetInjectedOffset), (4 bytes).
    Removing stm32f10x_adc.o(i.ADC_SoftwareStartInjectedConvCmd), (20 bytes).
    Removing stm32f10x_adc.o(i.ADC_StructInit), (18 bytes).
    Removing misc.o(i.NVIC_SetVectorTable), (20 bytes).
    Removing misc.o(i.NVIC_SystemLPConfig), (24 bytes).
    Removing misc.o(i.SysTick_CLKSourceConfig), (24 bytes).
    Removing stm32f10x_usart.o(i.USART_ClearFlag), (6 bytes).
    Removing stm32f10x_usart.o(i.USART_ClearITPendingBit), (12 bytes).
    Removing stm32f10x_usart.o(i.USART_ClockInit), (30 bytes).
    Removing stm32f10x_usart.o(i.USART_ClockStructInit), (12 bytes).
    Removing stm32f10x_usart.o(i.USART_DMACmd), (16 bytes).
    Removing stm32f10x_usart.o(i.USART_DeInit), (116 bytes).
    Removing stm32f10x_usart.o(i.USART_HalfDuplexCmd), (20 bytes).
    Removing stm32f10x_usart.o(i.USART_IrDACmd), (20 bytes).
    Removing stm32f10x_usart.o(i.USART_IrDAConfig), (16 bytes).
    Removing stm32f10x_usart.o(i.USART_LINBreakDetectLengthConfig), (16 bytes).
    Removing stm32f10x_usart.o(i.USART_LINCmd), (20 bytes).
    Removing stm32f10x_usart.o(i.USART_OneBitMethodCmd), (20 bytes).
    Removing stm32f10x_usart.o(i.USART_OverSampling8Cmd), (20 bytes).
    Removing stm32f10x_usart.o(i.USART_ReceiverWakeUpCmd), (20 bytes).
    Removing stm32f10x_usart.o(i.USART_SendBreak), (10 bytes).
    Removing stm32f10x_usart.o(i.USART_SetAddress), (16 bytes).
    Removing stm32f10x_usart.o(i.USART_SetGuardTime), (16 bytes).
    Removing stm32f10x_usart.o(i.USART_SetPrescaler), (16 bytes).
    Removing stm32f10x_usart.o(i.USART_SmartCardCmd), (20 bytes).
    Removing stm32f10x_usart.o(i.USART_SmartCardNACKCmd), (20 bytes).
    Removing stm32f10x_usart.o(i.USART_StructInit), (22 bytes).
    Removing stm32f10x_usart.o(i.USART_WakeUpConfig), (16 bytes).
    Removing stm32f10x_dma.o(i.DMA_ClearFlag), (20 bytes).
    Removing stm32f10x_dma.o(i.DMA_ClearITPendingBit), (20 bytes).
    Removing stm32f10x_dma.o(i.DMA_GetCurrDataCounter), (6 bytes).
    Removing stm32f10x_dma.o(i.DMA_GetFlagStatus), (32 bytes).
    Removing stm32f10x_dma.o(i.DMA_GetITStatus), (32 bytes).
    Removing stm32f10x_dma.o(i.DMA_ITConfig), (16 bytes).
    Removing stm32f10x_dma.o(i.DMA_StructInit), (26 bytes).
    Removing startup_stm32f10x_hd.o(HEAP), (0 bytes).
    Removing core_cm3.o(.emb_text), (32 bytes).
    Removing system_stm32f10x.o(i.SystemCoreClockUpdate), (100 bytes).
    Removing system_stm32f10x.o(.data), (20 bytes).

130 unused section(s) (total 360173 bytes) removed from the image.

==============================================================================

Image Symbol Table

    Local Symbols

    Symbol Name                              Value     Ov Type        Size  Object(Section)

    ../../microlib/fpadd.c                   0x00000000   Number         0  dadd.o ABSOLUTE
    ../../microlib/fpdiv.c                   0x00000000   Number         0  ddiv.o ABSOLUTE
    ../../microlib/fpepilogue.c              0x00000000   Number         0  depilogue.o ABSOLUTE
    ../../microlib/fpfix.c                   0x00000000   Number         0  dfixui.o ABSOLUTE
    ../../microlib/fpflt.c                   0x00000000   Number         0  dfltui.o ABSOLUTE
    ../../microlib/fpmul.c                   0x00000000   Number         0  dmul.o ABSOLUTE
    ../../microlib/init/entry.s              0x00000000   Number         0  entry.o ABSOLUTE
    ../../microlib/init/entry.s              0x00000000   Number         0  entry2.o ABSOLUTE
    ../../microlib/init/entry.s              0x00000000   Number         0  entry7.o ABSOLUTE
    ../../microlib/init/entry.s              0x00000000   Number         0  entry5.o ABSOLUTE
    ../../microlib/longlong.c                0x00000000   Number         0  llshl.o ABSOLUTE
    ../../microlib/longlong.c                0x00000000   Number         0  llushr.o ABSOLUTE
    ../../microlib/stubs.s                   0x00000000   Number         0  iusefp.o ABSOLUTE
    CM3\\core_cm3.c                          0x00000000   Number         0  core_cm3.o ABSOLUTE
    CM3\core_cm3.c                           0x00000000   Number         0  core_cm3.o ABSOLUTE
    CM3\system_stm32f10x.c                   0x00000000   Number         0  system_stm32f10x.o ABSOLUTE
    FWlib\SRC\misc.c                         0x00000000   Number         0  misc.o ABSOLUTE
    FWlib\SRC\stm32f10x_adc.c                0x00000000   Number         0  stm32f10x_adc.o ABSOLUTE
    FWlib\SRC\stm32f10x_dma.c                0x00000000   Number         0  stm32f10x_dma.o ABSOLUTE
    FWlib\SRC\stm32f10x_fsmc.c               0x00000000   Number         0  stm32f10x_fsmc.o ABSOLUTE
    FWlib\SRC\stm32f10x_gpio.c               0x00000000   Number         0  stm32f10x_gpio.o ABSOLUTE
    FWlib\SRC\stm32f10x_rcc.c                0x00000000   Number         0  stm32f10x_rcc.o ABSOLUTE
    FWlib\SRC\stm32f10x_usart.c              0x00000000   Number         0  stm32f10x_usart.o ABSOLUTE
    dc.s                                     0x00000000   Number         0  dc.o ABSOLUTE
    handlers.s                               0x00000000   Number         0  handlers.o ABSOLUTE
    init.s                                   0x00000000   Number         0  init.o ABSOLUTE
    startup\startup_stm32f10x_hd.s           0x00000000   Number         0  startup_stm32f10x_hd.o ABSOLUTE
    user\lcd_dis24.c                         0x00000000   Number         0  lcd_dis24.o ABSOLUTE
    user\main.c                              0x00000000   Number         0  main.o ABSOLUTE
    user\pic.c                               0x00000000   Number         0  pic.o ABSOLUTE
    RESET                                    0x08000000   Section      304  startup_stm32f10x_hd.o(RESET)
    .ARM.Collect$$$$00000000                 0x08000130   Section        0  entry.o(.ARM.Collect$$$$00000000)
    .ARM.Collect$$$$00000001                 0x08000130   Section        4  entry2.o(.ARM.Collect$$$$00000001)
    .ARM.Collect$$$$00000004                 0x08000134   Section        4  entry5.o(.ARM.Collect$$$$00000004)
    .ARM.Collect$$$$00000007                 0x08000138   Section        8  entry7.o(.ARM.Collect$$$$00000007)
    .ARM.Collect$$$$00002712                 0x08000140   Section        4  entry2.o(.ARM.Collect$$$$00002712)
    __lit__00000000                          0x08000140   Data           4  entry2.o(.ARM.Collect$$$$00002712)
    .text                                    0x08000144   Section       48  startup_stm32f10x_hd.o(.text)
    .text                                    0x08000174   Section      414  dadd.o(.text)
    _double_addcore                          0x08000175   Thumb Code   270  dadd.o(.text)
    .text                                    0x08000312   Section      232  dmul.o(.text)
    .text                                    0x080003fa   Section      248  ddiv.o(.text)
    .text                                    0x080004f2   Section       26  dfltui.o(.text)
    .text                                    0x0800050c   Section       48  dfixui.o(.text)
    .text                                    0x0800053c   Section       32  llshl.o(.text)
    .text                                    0x0800055c   Section       30  llushr.o(.text)
    .text                                    0x0800057a   Section        0  iusefp.o(.text)
    .text                                    0x0800057c   Section      200  depilogue.o(.text)
    .text                                    0x08000644   Section       36  init.o(.text)
    i.ADC_Cmd                                0x08000668   Section       20  stm32f10x_adc.o(i.ADC_Cmd)
    i.ADC_Configuration                      0x0800067c   Section      248  main.o(i.ADC_Configuration)
    i.ADC_DMACmd                             0x08000774   Section       20  stm32f10x_adc.o(i.ADC_DMACmd)
    i.ADC_GetCalibrationStatus               0x08000788   Section       14  stm32f10x_adc.o(i.ADC_GetCalibrationStatus)
    i.ADC_GetResetCalibrationStatus          0x08000796   Section       14  stm32f10x_adc.o(i.ADC_GetResetCalibrationStatus)
    i.ADC_Init                               0x080007a4   Section       72  stm32f10x_adc.o(i.ADC_Init)
    i.ADC_RegularChannelConfig               0x080007ec   Section      116  stm32f10x_adc.o(i.ADC_RegularChannelConfig)
    i.ADC_ResetCalibration                   0x08000860   Section       10  stm32f10x_adc.o(i.ADC_ResetCalibration)
    i.ADC_SoftwareStartConvCmd               0x0800086a   Section       20  stm32f10x_adc.o(i.ADC_SoftwareStartConvCmd)
    i.ADC_StartCalibration                   0x0800087e   Section       10  stm32f10x_adc.o(i.ADC_StartCalibration)
    i.ADC_TempSensorVrefintCmd               0x08000888   Section       32  stm32f10x_adc.o(i.ADC_TempSensorVrefintCmd)
    i.DMA_Cmd                                0x080008a8   Section       20  stm32f10x_dma.o(i.DMA_Cmd)
    i.DMA_DeInit                             0x080008bc   Section      236  stm32f10x_dma.o(i.DMA_DeInit)
    i.DMA_Init                               0x080009a8   Section       58  stm32f10x_dma.o(i.DMA_Init)
    i.Delay                                  0x080009e2   Section       10  main.o(i.Delay)
    i.FSMC_LCD_Init                          0x080009ec   Section      232  main.o(i.FSMC_LCD_Init)
    i.FSMC_NORSRAMCmd                        0x08000ad4   Section       32  stm32f10x_fsmc.o(i.FSMC_NORSRAMCmd)
    i.FSMC_NORSRAMInit                       0x08000af4   Section      188  stm32f10x_fsmc.o(i.FSMC_NORSRAMInit)
    i.GPIO_Configuration                     0x08000bb0   Section       80  main.o(i.GPIO_Configuration)
    i.GPIO_Init                              0x08000c00   Section      158  stm32f10x_gpio.o(i.GPIO_Init)
    i.GPIO_ReadInputDataBit                  0x08000c9e   Section       14  stm32f10x_gpio.o(i.GPIO_ReadInputDataBit)
    i.GPIO_ResetBits                         0x08000cac   Section        4  stm32f10x_gpio.o(i.GPIO_ResetBits)
    i.GPIO_SetBits                           0x08000cb0   Section        4  stm32f10x_gpio.o(i.GPIO_SetBits)
    i.LCD_Init                               0x08000cb4   Section      544  lcd_dis24.o(i.LCD_Init)
    i.LCD_RD_data                            0x08000ed4   Section       12  lcd_dis24.o(i.LCD_RD_data)
    i.LCD_WR_CMD                             0x08000ee0   Section       16  lcd_dis24.o(i.LCD_WR_CMD)
    i.LCD_test                               0x08000ef0   Section      344  lcd_dis24.o(i.LCD_test)
    i.NVIC_Configuration                     0x08001048   Section       40  main.o(i.NVIC_Configuration)
    i.NVIC_Init                              0x08001070   Section       92  misc.o(i.NVIC_Init)
    i.NVIC_PriorityGroupConfig               0x080010cc   Section       20  misc.o(i.NVIC_PriorityGroupConfig)
    i.RCC_ADCCLKConfig                       0x080010e0   Section       20  stm32f10x_rcc.o(i.RCC_ADCCLKConfig)
    i.RCC_AHBPeriphClockCmd                  0x080010f4   Section       24  stm32f10x_rcc.o(i.RCC_AHBPeriphClockCmd)
    i.RCC_APB2PeriphClockCmd                 0x0800110c   Section       24  stm32f10x_rcc.o(i.RCC_APB2PeriphClockCmd)
    i.RCC_Configuration                      0x08001124   Section       50  main.o(i.RCC_Configuration)
    i.RCC_GetClocksFreq                      0x08001158   Section      148  stm32f10x_rcc.o(i.RCC_GetClocksFreq)
    i.SetSysClockTo72                        0x080011ec   Section      144  system_stm32f10x.o(i.SetSysClockTo72)
    SetSysClockTo72                          0x080011ed   Thumb Code   136  system_stm32f10x.o(i.SetSysClockTo72)
    i.SystemInit                             0x0800127c   Section       64  system_stm32f10x.o(i.SystemInit)
    i.USART1_IRQHandler                      0x080012bc   Section       64  main.o(i.USART1_IRQHandler)
    i.USART_Cmd                              0x080012fc   Section       20  stm32f10x_usart.o(i.USART_Cmd)
    i.USART_GetFlagStatus                    0x08001310   Section       14  stm32f10x_usart.o(i.USART_GetFlagStatus)
    i.USART_GetITStatus                      0x0800131e   Section       62  stm32f10x_usart.o(i.USART_GetITStatus)
    i.USART_ITConfig                         0x0800135c   Section       48  stm32f10x_usart.o(i.USART_ITConfig)
    i.USART_Init                             0x0800138c   Section      180  stm32f10x_usart.o(i.USART_Init)
    i.USART_OUT                              0x08001440   Section      174  main.o(i.USART_OUT)
    i.USART_ReceiveData                      0x080014ee   Section        8  stm32f10x_usart.o(i.USART_ReceiveData)
    i.USART_SendData                         0x080014f6   Section        8  stm32f10x_usart.o(i.USART_SendData)
    i.Usart1_Init                            0x08001500   Section      136  main.o(i.Usart1_Init)
    i.__scatterload_copy                     0x08001588   Section       14  handlers.o(i.__scatterload_copy)
    i.__scatterload_null                     0x08001596   Section        2  handlers.o(i.__scatterload_null)
    i.__scatterload_zeroinit                 0x08001598   Section       14  handlers.o(i.__scatterload_zeroinit)
    i.get_31HUMI_vule                        0x080015a8   Section      632  main.o(i.get_31HUMI_vule)
    i.itoa                                   0x08001820   Section       90  main.o(i.itoa)
    i.lcd_DrawPicture                        0x0800187c   Section      256  lcd_dis24.o(i.lcd_DrawPicture)
    i.lcd_wr_zf                              0x0800197c   Section      460  lcd_dis24.o(i.lcd_wr_zf)
    i.main                                   0x08001b48   Section      328  main.o(i.main)
    i.num_pub                                0x08001c90   Section      100  lcd_dis24.o(i.num_pub)
    .constdata                               0x08001cf4   Section      100  main.o(.constdata)
    .constdata                               0x08001d58   Section       96  pic.o(.constdata)
    .constdata                               0x08001db8   Section       96  pic.o(.constdata)
    .constdata                               0x08001e18   Section       96  pic.o(.constdata)
    .constdata                               0x08001e78   Section       96  pic.o(.constdata)
    .constdata                               0x08001ed8   Section       96  pic.o(.constdata)
    .constdata                               0x08001f38   Section       96  pic.o(.constdata)
    .constdata                               0x08001f98   Section       96  pic.o(.constdata)
    .constdata                               0x08001ff8   Section       96  pic.o(.constdata)
    .constdata                               0x08002058   Section       96  pic.o(.constdata)
    .constdata                               0x080020b8   Section       96  pic.o(.constdata)
    .constdata                               0x08002118   Section     1120  pic.o(.constdata)
    .constdata                               0x08002578   Section      320  pic.o(.constdata)
    .constdata                               0x080026b8   Section      320  pic.o(.constdata)
    .constdata                               0x080027f8   Section      320  pic.o(.constdata)
    .constdata                               0x08002938   Section      160  pic.o(.constdata)
    .constdata                               0x080029d8   Section      160  pic.o(.constdata)
    .constdata                               0x08002a78   Section    173288  pic.o(.constdata)
    .data                                    0x20000000   Section        4  lcd_dis24.o(.data)
    .data                                    0x20000004   Section       24  main.o(.data)
    .data                                    0x2000001c   Section       20  stm32f10x_rcc.o(.data)
    ADCPrescTable                            0x2000001c   Data           4  stm32f10x_rcc.o(.data)
    APBAHBPrescTable                         0x20000020   Data          16  stm32f10x_rcc.o(.data)
    .bss                                     0x20000030   Section       24  main.o(.bss)
    STACK                                    0x20000048   Section      512  startup_stm32f10x_hd.o(STACK)

    Global Symbols

    Symbol Name                              Value     Ov Type        Size  Object(Section)

    BuildAttributes$$THM_ISAv4$P$D$K$B$S$PE$A:L22UL41UL21$X:L11$S22US41US21$IEEE1$IW$USESV6$~STKCKD$USESV7$~SHL$OSPACE$ROPI$EBA8$MICROLIB$REQ8$PRES8$EABIv2 0x00000000   Number         0  anon$$obj.o ABSOLUTE
    __ARM_use_no_argv                        0x00000000   Number         0  main.o ABSOLUTE
    __decompress                              - Undefined Weak Reference
    __Vectors_Size                           0x00000130   Number         0  startup_stm32f10x_hd.o ABSOLUTE
    __Vectors                                0x08000000   Data           4  startup_stm32f10x_hd.o(RESET)
    __Vectors_End                            0x08000130   Data           0  startup_stm32f10x_hd.o(RESET)
    __main                                   0x08000131   Thumb Code     0  entry.o(.ARM.Collect$$$$00000000)
    _main_stk                                0x08000131   Thumb Code     0  entry2.o(.ARM.Collect$$$$00000001)
    _main_scatterload                        0x08000135   Thumb Code     0  entry5.o(.ARM.Collect$$$$00000004)
    __main_after_scatterload                 0x08000139   Thumb Code     0  entry5.o(.ARM.Collect$$$$00000004)
    _main_init                               0x08000139   Thumb Code     0  entry7.o(.ARM.Collect$$$$00000007)
    SystemInit_ExtMemCtl                     0x08000145   Thumb Code     2  startup_stm32f10x_hd.o(.text)
    Reset_Handler                            0x08000147   Thumb Code    14  startup_stm32f10x_hd.o(.text)
    NMI_Handler                              0x08000155   Thumb Code     2  startup_stm32f10x_hd.o(.text)
    HardFault_Handler                        0x08000157   Thumb Code     2  startup_stm32f10x_hd.o(.text)
    MemManage_Handler                        0x08000159   Thumb Code     2  startup_stm32f10x_hd.o(.text)
    BusFault_Handler                         0x0800015b   Thumb Code     2  startup_stm32f10x_hd.o(.text)
    UsageFault_Handler                       0x0800015d   Thumb Code     2  startup_stm32f10x_hd.o(.text)
    SVC_Handler                              0x0800015f   Thumb Code     2  startup_stm32f10x_hd.o(.text)
    DebugMon_Handler                         0x08000161   Thumb Code     2  startup_stm32f10x_hd.o(.text)
    PendSV_Handler                           0x08000163   Thumb Code     2  startup_stm32f10x_hd.o(.text)
    SysTick_Handler                          0x08000165   Thumb Code     2  startup_stm32f10x_hd.o(.text)
    ADC1_2_IRQHandler                        0x08000167   Thumb Code     0  startup_stm32f10x_hd.o(.text)
    ADC3_IRQHandler                          0x08000167   Thumb Code     0  startup_stm32f10x_hd.o(.text)
    CAN1_RX1_IRQHandler                      0x08000167   Thumb Code     0  startup_stm32f10x_hd.o(.text)
    CAN1_SCE_IRQHandler                      0x08000167   Thumb Code     0  startup_stm32f10x_hd.o(.text)
    DMA1_Channel1_IRQHandler                 0x08000167   Thumb Code     0  startup_stm32f10x_hd.o(.text)
    DMA1_Channel2_IRQHandler                 0x08000167   Thumb Code     0  startup_stm32f10x_hd.o(.text)
    DMA1_Channel3_IRQHandler                 0x08000167   Thumb Code     0  startup_stm32f10x_hd.o(.text)
    DMA1_Channel4_IRQHandler                 0x08000167   Thumb Code     0  startup_stm32f10x_hd.o(.text)
    DMA1_Channel5_IRQHandler                 0x08000167   Thumb Code     0  startup_stm32f10x_hd.o(.text)
    DMA1_Channel6_IRQHandler                 0x08000167   Thumb Code     0  startup_stm32f10x_hd.o(.text)
    DMA1_Channel7_IRQHandler                 0x08000167   Thumb Code     0  startup_stm32f10x_hd.o(.text)
    DMA2_Channel1_IRQHandler                 0x08000167   Thumb Code     0  startup_stm32f10x_hd.o(.text)
    DMA2_Channel2_IRQHandler                 0x08000167   Thumb Code     0  startup_stm32f10x_hd.o(.text)
    DMA2_Channel3_IRQHandler                 0x08000167   Thumb Code     0  startup_stm32f10x_hd.o(.text)
    DMA2_Channel4_5_IRQHandler               0x08000167   Thumb Code     0  startup_stm32f10x_hd.o(.text)
    EXTI0_IRQHandler                         0x08000167   Thumb Code     0  startup_stm32f10x_hd.o(.text)
    EXTI15_10_IRQHandler                     0x08000167   Thumb Code     0  startup_stm32f10x_hd.o(.text)
    EXTI1_IRQHandler                         0x08000167   Thumb Code     0  startup_stm32f10x_hd.o(.text)
    EXTI2_IRQHandler                         0x08000167   Thumb Code     0  startup_stm32f10x_hd.o(.text)
    EXTI3_IRQHandler                         0x08000167   Thumb Code     0  startup_stm32f10x_hd.o(.text)
    EXTI4_IRQHandler                         0x08000167   Thumb Code     0  startup_stm32f10x_hd.o(.text)
    EXTI9_5_IRQHandler                       0x08000167   Thumb Code     0  startup_stm32f10x_hd.o(.text)
    FLASH_IRQHandler                         0x08000167   Thumb Code     0  startup_stm32f10x_hd.o(.text)
    FSMC_IRQHandler                          0x08000167   Thumb Code     0  startup_stm32f10x_hd.o(.text)
    I2C1_ER_IRQHandler                       0x08000167   Thumb Code     0  startup_stm32f10x_hd.o(.text)
    I2C1_EV_IRQHandler                       0x08000167   Thumb Code     0  startup_stm32f10x_hd.o(.text)
    I2C2_ER_IRQHandler                       0x08000167   Thumb Code     0  startup_stm32f10x_hd.o(.text)
    I2C2_EV_IRQHandler                       0x08000167   Thumb Code     0  startup_stm32f10x_hd.o(.text)
    PVD_IRQHandler                           0x08000167   Thumb Code     0  startup_stm32f10x_hd.o(.text)
    RCC_IRQHandler                           0x08000167   Thumb Code     0  startup_stm32f10x_hd.o(.text)
    RTCAlarm_IRQHandler                      0x08000167   Thumb Code     0  startup_stm32f10x_hd.o(.text)
    RTC_IRQHandler                           0x08000167   Thumb Code     0  startup_stm32f10x_hd.o(.text)
    SDIO_IRQHandler                          0x08000167   Thumb Code     0  startup_stm32f10x_hd.o(.text)
    SPI1_IRQHandler                          0x08000167   Thumb Code     0  startup_stm32f10x_hd.o(.text)
    SPI2_IRQHandler                          0x08000167   Thumb Code     0  startup_stm32f10x_hd.o(.text)
    SPI3_IRQHandler                          0x08000167   Thumb Code     0  startup_stm32f10x_hd.o(.text)
    TAMPER_IRQHandler                        0x08000167   Thumb Code     0  startup_stm32f10x_hd.o(.text)
    TIM1_BRK_IRQHandler                      0x08000167   Thumb Code     0  startup_stm32f10x_hd.o(.text)
    TIM1_CC_IRQHandler                       0x08000167   Thumb Code     0  startup_stm32f10x_hd.o(.text)
    TIM1_TRG_COM_IRQHandler                  0x08000167   Thumb Code     0  startup_stm32f10x_hd.o(.text)
    TIM1_UP_IRQHandler                       0x08000167   Thumb Code     0  startup_stm32f10x_hd.o(.text)
    TIM2_IRQHandler                          0x08000167   Thumb Code     0  startup_stm32f10x_hd.o(.text)
    TIM3_IRQHandler                          0x08000167   Thumb Code     0  startup_stm32f10x_hd.o(.text)
    TIM4_IRQHandler                          0x08000167   Thumb Code     0  startup_stm32f10x_hd.o(.text)
    TIM5_IRQHandler                          0x08000167   Thumb Code     0  startup_stm32f10x_hd.o(.text)
    TIM6_IRQHandler                          0x08000167   Thumb Code     0  startup_stm32f10x_hd.o(.text)
    TIM7_IRQHandler                          0x08000167   Thumb Code     0  startup_stm32f10x_hd.o(.text)
    TIM8_BRK_IRQHandler                      0x08000167   Thumb Code     0  startup_stm32f10x_hd.o(.text)
    TIM8_CC_IRQHandler                       0x08000167   Thumb Code     0  startup_stm32f10x_hd.o(.text)
    TIM8_TRG_COM_IRQHandler                  0x08000167   Thumb Code     0  startup_stm32f10x_hd.o(.text)
    TIM8_UP_IRQHandler                       0x08000167   Thumb Code     0  startup_stm32f10x_hd.o(.text)
    UART4_IRQHandler                         0x08000167   Thumb Code     0  startup_stm32f10x_hd.o(.text)
    UART5_IRQHandler                         0x08000167   Thumb Code     0  startup_stm32f10x_hd.o(.text)
    USART2_IRQHandler                        0x08000167   Thumb Code     0  startup_stm32f10x_hd.o(.text)
    USART3_IRQHandler                        0x08000167   Thumb Code     0  startup_stm32f10x_hd.o(.text)
    USBWakeUp_IRQHandler                     0x08000167   Thumb Code     0  startup_stm32f10x_hd.o(.text)
    USB_HP_CAN1_TX_IRQHandler                0x08000167   Thumb Code     0  startup_stm32f10x_hd.o(.text)
    USB_LP_CAN1_RX0_IRQHandler               0x08000167   Thumb Code     0  startup_stm32f10x_hd.o(.text)
    WWDG_IRQHandler                          0x08000167   Thumb Code     0  startup_stm32f10x_hd.o(.text)
    __aeabi_dadd                             0x08000283   Thumb Code    48  dadd.o(.text)
    __aeabi_dsub                             0x080002b3   Thumb Code    48  dadd.o(.text)
    __aeabi_drsub                            0x080002e3   Thumb Code    48  dadd.o(.text)
    __aeabi_dmul                             0x08000313   Thumb Code   232  dmul.o(.text)
    __aeabi_ddiv                             0x080003fb   Thumb Code   248  ddiv.o(.text)
    __aeabi_ui2d                             0x080004f3   Thumb Code    26  dfltui.o(.text)
    __aeabi_d2uiz                            0x0800050d   Thumb Code    48  dfixui.o(.text)
    __aeabi_llsl                             0x0800053d   Thumb Code    32  llshl.o(.text)
    _ll_shift_l                              0x0800053d   Thumb Code     0  llshl.o(.text)
    __aeabi_llsr                             0x0800055d   Thumb Code    30  llushr.o(.text)
    _ll_ushift_r                             0x0800055d   Thumb Code     0  llushr.o(.text)
    __I$use$fp                               0x0800057b   Thumb Code     0  iusefp.o(.text)
    _double_round                            0x0800057d   Thumb Code    54  depilogue.o(.text)
    _double_epilogue                         0x080005b3   Thumb Code   142  depilogue.o(.text)
    __scatterload                            0x08000645   Thumb Code    28  init.o(.text)
    __scatterload_rt2                        0x08000645   Thumb Code     0  init.o(.text)
    ADC_Cmd                                  0x08000669   Thumb Code    20  stm32f10x_adc.o(i.ADC_Cmd)
    ADC_Configuration                        0x0800067d   Thumb Code   230  main.o(i.ADC_Configuration)
    ADC_DMACmd                               0x08000775   Thumb Code    20  stm32f10x_adc.o(i.ADC_DMACmd)
    ADC_GetCalibrationStatus                 0x08000789   Thumb Code    14  stm32f10x_adc.o(i.ADC_GetCalibrationStatus)
    ADC_GetResetCalibrationStatus            0x08000797   Thumb Code    14  stm32f10x_adc.o(i.ADC_GetResetCalibrationStatus)
    ADC_Init                                 0x080007a5   Thumb Code    62  stm32f10x_adc.o(i.ADC_Init)
    ADC_RegularChannelConfig                 0x080007ed   Thumb Code   116  stm32f10x_adc.o(i.ADC_RegularChannelConfig)
    ADC_ResetCalibration                     0x08000861   Thumb Code    10  stm32f10x_adc.o(i.ADC_ResetCalibration)
    ADC_SoftwareStartConvCmd                 0x0800086b   Thumb Code    20  stm32f10x_adc.o(i.ADC_SoftwareStartConvCmd)
    ADC_StartCalibration                     0x0800087f   Thumb Code    10  stm32f10x_adc.o(i.ADC_StartCalibration)
    ADC_TempSensorVrefintCmd                 0x08000889   Thumb Code    26  stm32f10x_adc.o(i.ADC_TempSensorVrefintCmd)
    DMA_Cmd                                  0x080008a9   Thumb Code    20  stm32f10x_dma.o(i.DMA_Cmd)
    DMA_DeInit                               0x080008bd   Thumb Code   226  stm32f10x_dma.o(i.DMA_DeInit)
    DMA_Init                                 0x080009a9   Thumb Code    58  stm32f10x_dma.o(i.DMA_Init)
    Delay                                    0x080009e3   Thumb Code    10  main.o(i.Delay)
    FSMC_LCD_Init                            0x080009ed   Thumb Code   222  main.o(i.FSMC_LCD_Init)
    FSMC_NORSRAMCmd                          0x08000ad5   Thumb Code    28  stm32f10x_fsmc.o(i.FSMC_NORSRAMCmd)
    FSMC_NORSRAMInit                         0x08000af5   Thumb Code   188  stm32f10x_fsmc.o(i.FSMC_NORSRAMInit)
    GPIO_Configuration                       0x08000bb1   Thumb Code    70  main.o(i.GPIO_Configuration)
    GPIO_Init                                0x08000c01   Thumb Code   158  stm32f10x_gpio.o(i.GPIO_Init)
    GPIO_ReadInputDataBit                    0x08000c9f   Thumb Code    14  stm32f10x_gpio.o(i.GPIO_ReadInputDataBit)
    GPIO_ResetBits                           0x08000cad   Thumb Code     4  stm32f10x_gpio.o(i.GPIO_ResetBits)
    GPIO_SetBits                             0x08000cb1   Thumb Code     4  stm32f10x_gpio.o(i.GPIO_SetBits)
    LCD_Init                                 0x08000cb5   Thumb Code   524  lcd_dis24.o(i.LCD_Init)
    LCD_RD_data                              0x08000ed5   Thumb Code     8  lcd_dis24.o(i.LCD_RD_data)
    LCD_WR_CMD                               0x08000ee1   Thumb Code    12  lcd_dis24.o(i.LCD_WR_CMD)
    LCD_test                                 0x08000ef1   Thumb Code   308  lcd_dis24.o(i.LCD_test)
    NVIC_Configuration                       0x08001049   Thumb Code    40  main.o(i.NVIC_Configuration)
    NVIC_Init                                0x08001071   Thumb Code    92  misc.o(i.NVIC_Init)
    NVIC_PriorityGroupConfig                 0x080010cd   Thumb Code    10  misc.o(i.NVIC_PriorityGroupConfig)
    RCC_ADCCLKConfig                         0x080010e1   Thumb Code    14  stm32f10x_rcc.o(i.RCC_ADCCLKConfig)
    RCC_AHBPeriphClockCmd                    0x080010f5   Thumb Code    18  stm32f10x_rcc.o(i.RCC_AHBPeriphClockCmd)
    RCC_APB2PeriphClockCmd                   0x0800110d   Thumb Code    18  stm32f10x_rcc.o(i.RCC_APB2PeriphClockCmd)
    RCC_Configuration                        0x08001125   Thumb Code    50  main.o(i.RCC_Configuration)
    RCC_GetClocksFreq                        0x08001159   Thumb Code   132  stm32f10x_rcc.o(i.RCC_GetClocksFreq)
    SystemInit                               0x0800127d   Thumb Code    52  system_stm32f10x.o(i.SystemInit)
    USART1_IRQHandler                        0x080012bd   Thumb Code    52  main.o(i.USART1_IRQHandler)
    USART_Cmd                                0x080012fd   Thumb Code    20  stm32f10x_usart.o(i.USART_Cmd)
    USART_GetFlagStatus                      0x08001311   Thumb Code    14  stm32f10x_usart.o(i.USART_GetFlagStatus)
    USART_GetITStatus                        0x0800131f   Thumb Code    62  stm32f10x_usart.o(i.USART_GetITStatus)
    USART_ITConfig                           0x0800135d   Thumb Code    48  stm32f10x_usart.o(i.USART_ITConfig)
    USART_Init                               0x0800138d   Thumb Code   174  stm32f10x_usart.o(i.USART_Init)
    USART_OUT                                0x08001441   Thumb Code   174  main.o(i.USART_OUT)
    USART_ReceiveData                        0x080014ef   Thumb Code     8  stm32f10x_usart.o(i.USART_ReceiveData)
    USART_SendData                           0x080014f7   Thumb Code     8  stm32f10x_usart.o(i.USART_SendData)
    Usart1_Init                              0x08001501   Thumb Code   126  main.o(i.Usart1_Init)
    __scatterload_copy                       0x08001589   Thumb Code    14  handlers.o(i.__scatterload_copy)
    __scatterload_null                       0x08001597   Thumb Code     2  handlers.o(i.__scatterload_null)
    __scatterload_zeroinit                   0x08001599   Thumb Code    14  handlers.o(i.__scatterload_zeroinit)
    get_31HUMI_vule                          0x080015a9   Thumb Code   598  main.o(i.get_31HUMI_vule)
    itoa                                     0x08001821   Thumb Code    90  main.o(i.itoa)
    lcd_DrawPicture                          0x0800187d   Thumb Code   250  lcd_dis24.o(i.lcd_DrawPicture)
    lcd_wr_zf                                0x0800197d   Thumb Code   456  lcd_dis24.o(i.lcd_wr_zf)
    main                                     0x08001b49   Thumb Code   262  main.o(i.main)
    num_pub                                  0x08001c91   Thumb Code    58  lcd_dis24.o(i.num_pub)
    zm0                                      0x08001d58   Data          96  pic.o(.constdata)
    zm1                                      0x08001db8   Data          96  pic.o(.constdata)
    zm2                                      0x08001e18   Data          96  pic.o(.constdata)
    zm3                                      0x08001e78   Data          96  pic.o(.constdata)
    zm4                                      0x08001ed8   Data          96  pic.o(.constdata)
    zm5                                      0x08001f38   Data          96  pic.o(.constdata)
    zm6                                      0x08001f98   Data          96  pic.o(.constdata)
    zm7                                      0x08001ff8   Data          96  pic.o(.constdata)
    zm8                                      0x08002058   Data          96  pic.o(.constdata)
    zm9                                      0x080020b8   Data          96  pic.o(.constdata)
    zf3                                      0x08002118   Data        1120  pic.o(.constdata)
    zf4                                      0x08002578   Data         320  pic.o(.constdata)
    zf5                                      0x080026b8   Data         320  pic.o(.constdata)
    zf6                                      0x080027f8   Data         320  pic.o(.constdata)
    zf7                                      0x08002938   Data         160  pic.o(.constdata)
    zf8                                      0x080029d8   Data         160  pic.o(.constdata)
    a2                                       0x08002a78   Data       173288  pic.o(.constdata)
    Region$$Table$$Base                      0x0802cf60   Number         0  anon$$obj.o(Region$$Table)
    Region$$Table$$Limit                     0x0802cf80   Number         0  anon$$obj.o(Region$$Table)
    color1                                   0x20000000   Data           4  lcd_dis24.o(.data)
    analog_quantity1                         0x20000004   Data           2  main.o(.data)
    analog_quantity2                         0x20000006   Data           2  main.o(.data)
    rec_f                                    0x20000008   Data           4  main.o(.data)
    ADC_ConvertedValue                       0x2000000c   Data           4  main.o(.data)
    temperature                              0x20000010   Data           4  main.o(.data)
    humidity                                 0x20000014   Data           4  main.o(.data)
    people                                   0x20000018   Data           4  main.o(.data)
    TxBuffer1                                0x20000030   Data          12  main.o(.bss)
    RxBuffer1                                0x2000003c   Data          12  main.o(.bss)
    __initial_sp                             0x20000248   Data           0  startup_stm32f10x_hd.o(STACK)



==============================================================================

Memory Map of the image

  Image Entry point : 0x08000131

  Load Region LR_IROM1 (Base: 0x08000000, Size: 0x0002cfb0, Max: 0x00080000, ABSOLUTE)

    Execution Region ER_IROM1 (Base: 0x08000000, Size: 0x0002cf80, Max: 0x00080000, ABSOLUTE)

    Base Addr    Size         Type   Attr      Idx    E Section Name        Object

    0x08000000   0x00000130   Data   RO         1169    RESET               startup_stm32f10x_hd.o
    0x08000130   0x00000000   Code   RO         1221  * .ARM.Collect$$$$00000000  entry.o(mc_w.l)
    0x08000130   0x00000004   Code   RO         1234    .ARM.Collect$$$$00000001  entry2.o(mc_w.l)
    0x08000134   0x00000004   Code   RO         1237    .ARM.Collect$$$$00000004  entry5.o(mc_w.l)
    0x08000138   0x00000008   Code   RO         1238    .ARM.Collect$$$$00000007  entry7.o(mc_w.l)
    0x08000140   0x00000004   Code   RO         1235    .ARM.Collect$$$$00002712  entry2.o(mc_w.l)
    0x08000144   0x00000030   Code   RO         1170    .text               startup_stm32f10x_hd.o
    0x08000174   0x0000019e   Code   RO         1224    .text               dadd.o(mf_w.l)
    0x08000312   0x000000e8   Code   RO         1226    .text               dmul.o(mf_w.l)
    0x080003fa   0x000000f8   Code   RO         1228    .text               ddiv.o(mf_w.l)
    0x080004f2   0x0000001a   Code   RO         1230    .text               dfltui.o(mf_w.l)
    0x0800050c   0x00000030   Code   RO         1232    .text               dfixui.o(mf_w.l)
    0x0800053c   0x00000020   Code   RO         1239    .text               llshl.o(mc_w.l)
    0x0800055c   0x0000001e   Code   RO         1241    .text               llushr.o(mc_w.l)
    0x0800057a   0x00000000   Code   RO         1243    .text               iusefp.o(mc_w.l)
    0x0800057a   0x00000002   PAD
    0x0800057c   0x000000c8   Code   RO         1244    .text               depilogue.o(mf_w.l)
    0x08000644   0x00000024   Code   RO         1246    .text               init.o(mc_w.l)
    0x08000668   0x00000014   Code   RO          669    i.ADC_Cmd           stm32f10x_adc.o
    0x0800067c   0x000000f8   Code   RO           96    i.ADC_Configuration  main.o
    0x08000774   0x00000014   Code   RO          670    i.ADC_DMACmd        stm32f10x_adc.o
    0x08000788   0x0000000e   Code   RO          677    i.ADC_GetCalibrationStatus  stm32f10x_adc.o
    0x08000796   0x0000000e   Code   RO          683    i.ADC_GetResetCalibrationStatus  stm32f10x_adc.o
    0x080007a4   0x00000048   Code   RO          687    i.ADC_Init          stm32f10x_adc.o
    0x080007ec   0x00000074   Code   RO          691    i.ADC_RegularChannelConfig  stm32f10x_adc.o
    0x08000860   0x0000000a   Code   RO          692    i.ADC_ResetCalibration  stm32f10x_adc.o
    0x0800086a   0x00000014   Code   RO          694    i.ADC_SoftwareStartConvCmd  stm32f10x_adc.o
    0x0800087e   0x0000000a   Code   RO          696    i.ADC_StartCalibration  stm32f10x_adc.o
    0x08000888   0x00000020   Code   RO          698    i.ADC_TempSensorVrefintCmd  stm32f10x_adc.o
    0x080008a8   0x00000014   Code   RO         1103    i.DMA_Cmd           stm32f10x_dma.o
    0x080008bc   0x000000ec   Code   RO         1104    i.DMA_DeInit        stm32f10x_dma.o
    0x080009a8   0x0000003a   Code   RO         1109    i.DMA_Init          stm32f10x_dma.o
    0x080009e2   0x0000000a   Code   RO           97    i.Delay             main.o
    0x080009ec   0x000000e8   Code   RO           98    i.FSMC_LCD_Init     main.o
    0x08000ad4   0x00000020   Code   RO          240    i.FSMC_NORSRAMCmd   stm32f10x_fsmc.o
    0x08000af4   0x000000bc   Code   RO          242    i.FSMC_NORSRAMInit  stm32f10x_fsmc.o
    0x08000bb0   0x00000050   Code   RO           99    i.GPIO_Configuration  main.o
    0x08000c00   0x0000009e   Code   RO          355    i.GPIO_Init         stm32f10x_gpio.o
    0x08000c9e   0x0000000e   Code   RO          359    i.GPIO_ReadInputDataBit  stm32f10x_gpio.o
    0x08000cac   0x00000004   Code   RO          362    i.GPIO_ResetBits    stm32f10x_gpio.o
    0x08000cb0   0x00000004   Code   RO          363    i.GPIO_SetBits      stm32f10x_gpio.o
    0x08000cb4   0x00000220   Code   RO            1    i.LCD_Init          lcd_dis24.o
    0x08000ed4   0x0000000c   Code   RO            2    i.LCD_RD_data       lcd_dis24.o
    0x08000ee0   0x00000010   Code   RO            3    i.LCD_WR_CMD        lcd_dis24.o
    0x08000ef0   0x00000158   Code   RO            6    i.LCD_test          lcd_dis24.o
    0x08001048   0x00000028   Code   RO          100    i.NVIC_Configuration  main.o
    0x08001070   0x0000005c   Code   RO          885    i.NVIC_Init         misc.o
    0x080010cc   0x00000014   Code   RO          886    i.NVIC_PriorityGroupConfig  misc.o
    0x080010e0   0x00000014   Code   RO          463    i.RCC_ADCCLKConfig  stm32f10x_rcc.o
    0x080010f4   0x00000018   Code   RO          464    i.RCC_AHBPeriphClockCmd  stm32f10x_rcc.o
    0x0800110c   0x00000018   Code   RO          467    i.RCC_APB2PeriphClockCmd  stm32f10x_rcc.o
    0x08001124   0x00000032   Code   RO          101    i.RCC_Configuration  main.o
    0x08001156   0x00000002   PAD
    0x08001158   0x00000094   Code   RO          475    i.RCC_GetClocksFreq  stm32f10x_rcc.o
    0x080011ec   0x00000090   Code   RO         1185    i.SetSysClockTo72   system_stm32f10x.o
    0x0800127c   0x00000040   Code   RO         1187    i.SystemInit        system_stm32f10x.o
    0x080012bc   0x00000040   Code   RO          102    i.USART1_IRQHandler  main.o
    0x080012fc   0x00000014   Code   RO          925    i.USART_Cmd         stm32f10x_usart.o
    0x08001310   0x0000000e   Code   RO          928    i.USART_GetFlagStatus  stm32f10x_usart.o
    0x0800131e   0x0000003e   Code   RO          929    i.USART_GetITStatus  stm32f10x_usart.o
    0x0800135c   0x00000030   Code   RO          931    i.USART_ITConfig    stm32f10x_usart.o
    0x0800138c   0x000000b4   Code   RO          932    i.USART_Init        stm32f10x_usart.o
    0x08001440   0x000000ae   Code   RO          103    i.USART_OUT         main.o
    0x080014ee   0x00000008   Code   RO          939    i.USART_ReceiveData  stm32f10x_usart.o
    0x080014f6   0x00000008   Code   RO          942    i.USART_SendData    stm32f10x_usart.o
    0x080014fe   0x00000002   PAD
    0x08001500   0x00000088   Code   RO          104    i.Usart1_Init       main.o
    0x08001588   0x0000000e   Code   RO         1250    i.__scatterload_copy  handlers.o(mc_w.l)
    0x08001596   0x00000002   Code   RO         1251    i.__scatterload_null  handlers.o(mc_w.l)
    0x08001598   0x0000000e   Code   RO         1252    i.__scatterload_zeroinit  handlers.o(mc_w.l)
    0x080015a6   0x00000002   PAD
    0x080015a8   0x00000278   Code   RO          105    i.get_31HUMI_vule   main.o
    0x08001820   0x0000005a   Code   RO          106    i.itoa              main.o
    0x0800187a   0x00000002   PAD
    0x0800187c   0x00000100   Code   RO            8    i.lcd_DrawPicture   lcd_dis24.o
    0x0800197c   0x000001cc   Code   RO            9    i.lcd_wr_zf         lcd_dis24.o
    0x08001b48   0x00000148   Code   RO          108    i.main              main.o
    0x08001c90   0x00000064   Code   RO           10    i.num_pub           lcd_dis24.o
    0x08001cf4   0x00000064   Data   RO          110    .constdata          main.o
    0x08001d58   0x00000060   Data   RO          205    .constdata          pic.o
    0x08001db8   0x00000060   Data   RO          206    .constdata          pic.o
    0x08001e18   0x00000060   Data   RO          207    .constdata          pic.o
    0x08001e78   0x00000060   Data   RO          208    .constdata          pic.o
    0x08001ed8   0x00000060   Data   RO          209    .constdata          pic.o
    0x08001f38   0x00000060   Data   RO          210    .constdata          pic.o
    0x08001f98   0x00000060   Data   RO          211    .constdata          pic.o
    0x08001ff8   0x00000060   Data   RO          212    .constdata          pic.o
    0x08002058   0x00000060   Data   RO          213    .constdata          pic.o
    0x080020b8   0x00000060   Data   RO          214    .constdata          pic.o
    0x08002118   0x00000460   Data   RO          215    .constdata          pic.o
    0x08002578   0x00000140   Data   RO          217    .constdata          pic.o
    0x080026b8   0x00000140   Data   RO          218    .constdata          pic.o
    0x080027f8   0x00000140   Data   RO          219    .constdata          pic.o
    0x08002938   0x000000a0   Data   RO          220    .constdata          pic.o
    0x080029d8   0x000000a0   Data   RO          221    .constdata          pic.o
    0x08002a78   0x0002a4e8   Data   RO          222    .constdata          pic.o
    0x0802cf60   0x00000020   Data   RO         1248    Region$$Table       anon$$obj.o


    Execution Region RW_IRAM1 (Base: 0x20000000, Size: 0x00000248, Max: 0x00010000, ABSOLUTE)

    Base Addr    Size         Type   Attr      Idx    E Section Name        Object

    0x20000000   0x00000004   Data   RW           11    .data               lcd_dis24.o
    0x20000004   0x00000018   Data   RW          111    .data               main.o
    0x2000001c   0x00000014   Data   RW          495    .data               stm32f10x_rcc.o
    0x20000030   0x00000018   Zero   RW          109    .bss                main.o
    0x20000048   0x00000200   Zero   RW         1167    STACK               startup_stm32f10x_hd.o


==============================================================================

Image component sizes


      Code (inc. data)   RO Data    RW Data    ZI Data      Debug   Object Name

      1732        126          0          4          0     230360   lcd_dis24.o
      2084        160        100         24         24      42614   main.o
       112         10          0          0          0       1327   misc.o
         0          0     176648          0          0        931   pic.o
        48         12        304          0        512        496   startup_stm32f10x_hd.o
       328         16          0          0          0       7296   stm32f10x_adc.o
       314         10          0          0          0       2766   stm32f10x_dma.o
       220          4          0          0          0       1661   stm32f10x_fsmc.o
       180          0          0          0          0       3328   stm32f10x_gpio.o
       216         34          0         20          0       4604   stm32f10x_rcc.o
       340          6          0          0          0       5721   stm32f10x_usart.o
       208         20          0          0          0       1285   system_stm32f10x.o

    ----------------------------------------------------------------------
      5788        398     177084         48        536     302389   Object Totals
         0          0         32          0          0          0   (incl. Generated)
         6          0          0          0          0          1   (incl. Padding)

    ----------------------------------------------------------------------

      Code (inc. data)   RO Data    RW Data    ZI Data      Debug   Library Member Name

       414          0          0          0          0        184   dadd.o
       248          0          0          0          0         96   ddiv.o
       200          4          0          0          0        136   depilogue.o
        48          0          0          0          0         68   dfixui.o
        26          0          0          0          0         76   dfltui.o
       232          0          0          0          0         96   dmul.o
         0          0          0          0          0          0   entry.o
         8          4          0          0          0          0   entry2.o
         4          0          0          0          0          0   entry5.o
         8          4          0          0          0          0   entry7.o
        30          0          0          0          0          0   handlers.o
        36          8          0          0          0         68   init.o
         0          0          0          0          0          0   iusefp.o
        32          0          0          0          0         68   llshl.o
        30          0          0          0          0         68   llushr.o

    ----------------------------------------------------------------------
      1320         20          0          0          0        860   Library Totals
         4          0          0          0          0          0   (incl. Padding)

    ----------------------------------------------------------------------

      Code (inc. data)   RO Data    RW Data    ZI Data      Debug   Library Name

       148         16          0          0          0        204   mc_w.l
      1168          4          0          0          0        656   mf_w.l

    ----------------------------------------------------------------------
      1320         20          0          0          0        860   Library Totals

    ----------------------------------------------------------------------

==============================================================================


      Code (inc. data)   RO Data    RW Data    ZI Data      Debug   

      7108        418     177084         48        536     300400   Grand Totals
      7108        418     177084         48        536     300400   ELF Image Totals
      7108        418     177084         48          0          0   ROM Totals

==============================================================================

    Total RO  Size (Code + RO Data)               184192 ( 179.88kB)
    Total RW  Size (RW Data + ZI Data)               584 (   0.57kB)
    Total ROM Size (Code + RO Data + RW Data)     184240 ( 179.92kB)

==============================================================================

